error[E0275]: overflow evaluating the requirement `{closure@rt::lang_start<()>::{closure#0}}: Freeze`
   |
   = help: consider increasing the recursion limit by adding a `#![recursion_limit = "2"]` attribute to your crate (`zero_overflow`)

error: aborting due to 1 previous error

For more information about this error, try `rustc --explain E0275`.
