 WARN rustc_codegen_ssa::mir::locals Unexpected initial operand type:
 expected Closure(DefId(0:8 ~ issue_74636[7d87]::outer::{closure#0}), [Closure(DefId(0:8 ~ issue_74636[7d87]::outer::{closure#0}), [T/#0, i8, Binder { value: extern "RustCall" fn(()), bound_vars: [] }, ()]), i8, Binder { value: extern "RustCall" fn(()), bound_vars: [] }, ()]),
 found    Closure(DefId(0:8 ~ issue_74636[7d87]::outer::{closure#0}), [T/#0, i8, Binder { value: extern "RustCall" fn(()), bound_vars: [] }, ()]).
 See <https://github.com/rust-lang/rust/issues/114858>.
